package main

import "reflect"

func A(T interface{}, x interface{}) {
	print(reflect.ValueOf(x).Index(0).Interface())
}

func main() {}
